start
Module name is 'AddModule'
module1: operate was called
operate(5,12) = 17
stop
