start
loading module1
loading module from VARIES{xxx}
handle is VARIES{xxx}
module_init function is at VARIES{xxx}
Calling module_init
module1 init for main version uselib-test6-1.0
register_module was called by module 'module1'
module1's gadget is called 'FancyCellPhone'
module1 can do 'Caller ID, Video Conferencing'
loading module from VARIES{xxx}
handle is VARIES{xxx}
module_init function is at VARIES{xxx}
Calling module_init
module2 init for main version uselib-test6-1.0
register_module was called by module 'module2'
module2 has not defined any gadget
stop
